// Jest Snapshot v1, https://goo.gl/fbAQLP

exports[`Pruebas en Card component Debe sacar mostrar 1`] = `ShallowWrapper {}`;
